
=== Judge adequacy: agreement with neural consensus over 56 matched pairs ===
judge         agree  against   tie  pro-smooth  pro-buzzy
LSD              14        1    41           2         13
segSNR           23       15    18          38          0
NMR              33       21     2          33         21
crest|d|         14        9    33          23          0
ESTOI_ref        25       10    21          16         19
ESTOI_orig       27        6    23           5         28
WARP-Q           33       20     3          12         41
DNS_SIG          30       12    14          16         26
DNS_BAK          36        9    11          26         19
DNS_OVRL         34        9    13          23         20
DNS_P808         36        9    11          19         26
NISQA_MOS        46        6     4          29         23
NISQA_Noi        39       11     6          17         33
NISQA_Col        31       17     8          21         27
NISQA_Dis        33       19     4          31         21

=== Neural axis deltas vs ref (mean / worst over variants) ===
axis                buzzy@2         smooth@2          buzzy@4         smooth@4
dns_sig         -0.27/-0.93      +0.00/-0.04      -0.63/-2.22      -0.05/-0.15
dns_bak         -0.20/-0.85      -0.08/-0.44      -0.47/-1.13      -0.09/-0.49
dns_ovrl        -0.31/-0.91      -0.04/-0.23      -0.62/-1.68      -0.08/-0.28
dns_p808        -0.06/-0.24      -0.05/-0.21      -0.17/-0.70      -0.17/-0.48
nisqa_mos       -0.10/-0.44      -0.05/-0.30      -0.50/-1.34      -0.41/-1.08
nisqa_noi       -0.41/-1.49      -0.20/-0.56      -0.62/-1.46      -0.74/-1.63
nisqa_col       +0.08/-0.22      -0.00/-0.07      +0.06/-0.55      -0.10/-0.34
nisqa_dis       +0.06/-0.40      +0.05/-0.12      -0.12/-1.44      -0.13/-0.37

=== G3+noise (par-noise) vs plain parallel / L0 tube ===
utt/variant                     lsd crest_del estoi_ori     warpq   dns_sig   dns_bak  dns_ovrl  dns_p808 nisqa_mos nisqa_noi nisqa_col nisqa_dis
hts1a.ref                                                              3.11      3.92      2.81      3.01      3.14      3.72      2.49      3.98
hts1a.buzz-l0                  7.99      2.12      0.55      1.48      3.39      4.07      3.12      3.01      1.55      2.90      1.94      1.76
hts1a.par-plain                8.32      1.74      0.54      1.64      3.27      4.02      2.99      2.85      1.68      3.20      2.21      1.90
hts1a.par-noise-1000           9.55      0.26      0.47      2.12      3.05      3.89      2.74      2.40      1.67      2.45      2.28      3.11
hts1a.par-noise-2000           9.11      1.48      0.53      1.87      3.23      3.96      2.94      2.80      2.26      3.21      2.30      2.72
hts1a.smooth-mix-800           8.53      0.15      0.52      1.80      3.07      3.71      2.69      2.50      1.73      2.34      2.01      3.15
hts1a.smooth-mix-1500          8.28      1.45      0.54      1.70      3.29      4.03      3.01      2.90      2.05      2.55      2.13      3.41
hts2a.ref                                                              3.31      3.76      2.88      3.28      2.29      3.21      1.86      2.20
hts2a.buzz-l0                  8.49      0.10      0.63      1.86      3.08      3.33      2.52      3.11      2.21      3.28      1.94      2.42
hts2a.par-plain                9.80      0.25      0.51      2.44      2.81      2.83      2.10      2.56      1.17      3.20      1.86      1.65
hts2a.par-noise-1000          10.94      0.01      0.48      2.58      2.66      3.09      2.13      2.52      1.20      2.86      2.05      1.94
hts2a.par-noise-2000          10.78      0.01      0.47      2.49      2.71      2.99      2.13      2.53      1.16      2.82      2.00      1.75
hts2a.smooth-mix-800           9.20      0.19      0.54      2.06      2.35      3.25      1.97      2.72      1.54      2.89      1.66      2.06
hts2a.smooth-mix-1500          8.83      0.31      0.55      2.04      2.95      3.21      2.38      2.79      1.74      2.81      1.80      2.03
ve9qrp_10s.ref                                                         3.41      3.72      2.99      2.74      2.79      2.88      2.51      3.62
ve9qrp_10s.buzz-l0             7.47      2.03      0.57      1.83      3.46      3.09      2.71      2.64      1.97      2.77      2.04      2.37
ve9qrp_10s.par-plain           7.62      2.06      0.56      1.94      3.44      3.16      2.73      2.64      1.68      2.81      1.91      2.05
ve9qrp_10s.par-noise-1000      8.36     -0.29      0.46      2.35      3.16      2.45      2.19      2.47      1.27      2.44      1.85      2.57
ve9qrp_10s.par-noise-2000      8.00      1.06      0.49      2.17      3.27      2.81      2.43      2.54      1.51      2.59      1.93      2.34
ve9qrp_10s.smooth-mix-800      7.93     -0.79      0.52      2.08      2.63      2.22      1.90      2.67      1.82      2.50      2.08      3.26
ve9qrp_10s.smooth-mix-1500     7.76      0.39      0.54      1.98      3.34      2.86      2.49      2.82      2.22      2.81      2.14      3.23

wrote results/pairs.csv, adequacy.json, axes.csv, gates_h1.yaml
