  warpq hts1a.buzz-l0                        1.477
  warpq hts1a.buzz-pump@2                    0.686
  warpq hts1a.buzz-pump@4                    0.916
  warpq hts1a.buzz-sharp@2                   0.683
  warpq hts1a.buzz-sharp@4                   0.923
  warpq hts1a.buzz-spur@2                    0.889
  warpq hts1a.buzz-spur@4                    1.178
  warpq hts1a.par-noise-1000                 2.116
  warpq hts1a.par-noise-2000                 1.870
  warpq hts1a.par-plain                      1.641
  warpq hts1a.smooth-dither@2                0.656
  warpq hts1a.smooth-dither@4                0.922
  warpq hts1a.smooth-mix-1500                1.697
  warpq hts1a.smooth-mix-800                 1.802
  warpq hts1a.smooth-valley@2                0.969
  warpq hts1a.smooth-valley@4                1.418
  warpq hts2a.buzz-l0                        1.864
  warpq hts2a.buzz-pump@2                    0.757
  warpq hts2a.buzz-pump@4                    0.984
  warpq hts2a.buzz-sharp@2                   0.787
  warpq hts2a.buzz-sharp@4                   1.230
  warpq hts2a.buzz-spur@2                    0.842
  warpq hts2a.buzz-spur@4                    1.064
  warpq hts2a.par-noise-1000                 2.581
  warpq hts2a.par-noise-2000                 2.491
  warpq hts2a.par-plain                      2.442
  warpq hts2a.smooth-dither@2                0.716
  warpq hts2a.smooth-dither@4                0.868
  warpq hts2a.smooth-mix-1500                2.038
  warpq hts2a.smooth-mix-800                 2.062
  warpq hts2a.smooth-valley@2                1.075
  warpq hts2a.smooth-valley@4                1.592
  warpq ve9qrp_10s.buzz-l0                   1.830
  warpq ve9qrp_10s.buzz-pump@2               0.763
  warpq ve9qrp_10s.buzz-pump@4               0.975
  warpq ve9qrp_10s.buzz-sharp@2              0.743
  warpq ve9qrp_10s.buzz-sharp@4              0.889
  warpq ve9qrp_10s.buzz-spur@2               0.850
  warpq ve9qrp_10s.buzz-spur@4               1.094
  warpq ve9qrp_10s.par-noise-1000            2.350
  warpq ve9qrp_10s.par-noise-2000            2.165
  warpq ve9qrp_10s.par-plain                 1.942
  warpq ve9qrp_10s.smooth-dither@2           0.795
  warpq ve9qrp_10s.smooth-dither@4           1.151
  warpq ve9qrp_10s.smooth-mix-1500           1.980
  warpq ve9qrp_10s.smooth-mix-800            2.085
  warpq ve9qrp_10s.smooth-valley@2           1.167
  warpq ve9qrp_10s.smooth-valley@4           1.704
wrote results/warpq.json (51 scores)
